components/challenges/ActiveChallengeCard.tsx(63,55): error TS2339: Property 'danger' does not exist on type '{ readonly light: { readonly bg: { readonly primary: "#F9F7F2"; readonly surface: "#FDFCF9"; readonly card: "#F9F7F2"; readonly card2: "#F0EFE9"; }; readonly accent: "#3D405B"; readonly accentDim: "rgba(61, 64, 91, 0.1)"; ... 9 more ...; readonly border: "rgba(61, 64, 91, 0.1)"; }; readonly dark: { ...; }; }'.
components/challenges/ActiveChallengeCard.tsx(64,51): error TS2339: Property 'work' does not exist on type '{ readonly light: { readonly bg: { readonly primary: "#F9F7F2"; readonly surface: "#FDFCF9"; readonly card: "#F9F7F2"; readonly card2: "#F0EFE9"; }; readonly accent: "#3D405B"; readonly accentDim: "rgba(61, 64, 91, 0.1)"; ... 9 more ...; readonly border: "rgba(61, 64, 91, 0.1)"; }; readonly dark: { ...; }; }'.
components/challenges/ActiveChallengeCard.tsx(65,28): error TS2339: Property 'success' does not exist on type '{ readonly light: { readonly bg: { readonly primary: "#F9F7F2"; readonly surface: "#FDFCF9"; readonly card: "#F9F7F2"; readonly card2: "#F0EFE9"; }; readonly accent: "#3D405B"; readonly accentDim: "rgba(61, 64, 91, 0.1)"; ... 9 more ...; readonly border: "rgba(61, 64, 91, 0.1)"; }; readonly dark: { ...; }; }'.
components/challenges/ActiveChallengeCard.tsx(72,31): error TS2339: Property 'danger' does not exist on type '{ readonly light: { readonly bg: { readonly primary: "#F9F7F2"; readonly surface: "#FDFCF9"; readonly card: "#F9F7F2"; readonly card2: "#F0EFE9"; }; readonly accent: "#3D405B"; readonly accentDim: "rgba(61, 64, 91, 0.1)"; ... 9 more ...; readonly border: "rgba(61, 64, 91, 0.1)"; }; readonly dark: { ...; }; }'.
components/challenges/ActiveChallengeCard.tsx(80,74): error TS2339: Property 'danger' does not exist on type '{ readonly light: { readonly bg: { readonly primary: "#F9F7F2"; readonly surface: "#FDFCF9"; readonly card: "#F9F7F2"; readonly card2: "#F0EFE9"; }; readonly accent: "#3D405B"; readonly accentDim: "rgba(61, 64, 91, 0.1)"; ... 9 more ...; readonly border: "rgba(61, 64, 91, 0.1)"; }; readonly dark: { ...; }; }'.
components/challenges/ActiveChallengeCard.tsx(85,73): error TS2339: Property 'danger' does not exist on type '{ readonly light: { readonly bg: { readonly primary: "#F9F7F2"; readonly surface: "#FDFCF9"; readonly card: "#F9F7F2"; readonly card2: "#F0EFE9"; }; readonly accent: "#3D405B"; readonly accentDim: "rgba(61, 64, 91, 0.1)"; ... 9 more ...; readonly border: "rgba(61, 64, 91, 0.1)"; }; readonly dark: { ...; }; }'.
components/challenges/ActiveChallengeCard.tsx(107,116): error TS2339: Property 'danger' does not exist on type '{ readonly light: { readonly bg: { readonly primary: "#F9F7F2"; readonly surface: "#FDFCF9"; readonly card: "#F9F7F2"; readonly card2: "#F0EFE9"; }; readonly accent: "#3D405B"; readonly accentDim: "rgba(61, 64, 91, 0.1)"; ... 9 more ...; readonly border: "rgba(61, 64, 91, 0.1)"; }; readonly dark: { ...; }; }'.
components/challenges/ActiveChallengeCard.tsx(107,132): error TS2339: Property 'accent' does not exist on type '{ readonly light: { readonly bg: { readonly primary: "#F9F7F2"; readonly surface: "#FDFCF9"; readonly card: "#F9F7F2"; readonly card2: "#F0EFE9"; }; readonly accent: "#3D405B"; readonly accentDim: "rgba(61, 64, 91, 0.1)"; ... 9 more ...; readonly border: "rgba(61, 64, 91, 0.1)"; }; readonly dark: { ...; }; }'.
components/challenges/ActiveChallengeCard.tsx(124,29): error TS2339: Property 'bg' does not exist on type '{ readonly light: { readonly bg: { readonly primary: "#F9F7F2"; readonly surface: "#FDFCF9"; readonly card: "#F9F7F2"; readonly card2: "#F0EFE9"; }; readonly accent: "#3D405B"; readonly accentDim: "rgba(61, 64, 91, 0.1)"; ... 9 more ...; readonly border: "rgba(61, 64, 91, 0.1)"; }; readonly dark: { ...; }; }'.
components/challenges/ActiveChallengeCard.tsx(128,25): error TS2339: Property 'border' does not exist on type '{ readonly light: { readonly bg: { readonly primary: "#F9F7F2"; readonly surface: "#FDFCF9"; readonly card: "#F9F7F2"; readonly card2: "#F0EFE9"; }; readonly accent: "#3D405B"; readonly accentDim: "rgba(61, 64, 91, 0.1)"; ... 9 more ...; readonly border: "rgba(61, 64, 91, 0.1)"; }; readonly dark: { ...; }; }'.
components/challenges/ActiveChallengeCard.tsx(132,19): error TS2339: Property 'text' does not exist on type '{ readonly light: { readonly bg: { readonly primary: "#F9F7F2"; readonly surface: "#FDFCF9"; readonly card: "#F9F7F2"; readonly card2: "#F0EFE9"; }; readonly accent: "#3D405B"; readonly accentDim: "rgba(61, 64, 91, 0.1)"; ... 9 more ...; readonly border: "rgba(61, 64, 91, 0.1)"; }; readonly dark: { ...; }; }'.
components/challenges/ActiveChallengeCard.tsx(152,19): error TS2339: Property 'accent' does not exist on type '{ readonly light: { readonly bg: { readonly primary: "#F9F7F2"; readonly surface: "#FDFCF9"; readonly card: "#F9F7F2"; readonly card2: "#F0EFE9"; }; readonly accent: "#3D405B"; readonly accentDim: "rgba(61, 64, 91, 0.1)"; ... 9 more ...; readonly border: "rgba(61, 64, 91, 0.1)"; }; readonly dark: { ...; }; }'.
components/challenges/ActiveChallengeCard.tsx(156,29): error TS2339: Property 'bg' does not exist on type '{ readonly light: { readonly bg: { readonly primary: "#F9F7F2"; readonly surface: "#FDFCF9"; readonly card: "#F9F7F2"; readonly card2: "#F0EFE9"; }; readonly accent: "#3D405B"; readonly accentDim: "rgba(61, 64, 91, 0.1)"; ... 9 more ...; readonly border: "rgba(61, 64, 91, 0.1)"; }; readonly dark: { ...; }; }'.
components/challenges/ActiveChallengeCard.tsx(161,25): error TS2339: Property 'borderLight' does not exist on type '{ readonly light: { readonly bg: { readonly primary: "#F9F7F2"; readonly surface: "#FDFCF9"; readonly card: "#F9F7F2"; readonly card2: "#F0EFE9"; }; readonly accent: "#3D405B"; readonly accentDim: "rgba(61, 64, 91, 0.1)"; ... 9 more ...; readonly border: "rgba(61, 64, 91, 0.1)"; }; readonly dark: { ...; }; }'.
components/challenges/ActiveChallengeCard.tsx(163,31): error TS2339: Property 'borderDark' does not exist on type '{ readonly light: { readonly bg: { readonly primary: "#F9F7F2"; readonly surface: "#FDFCF9"; readonly card: "#F9F7F2"; readonly card2: "#F0EFE9"; }; readonly accent: "#3D405B"; readonly accentDim: "rgba(61, 64, 91, 0.1)"; ... 9 more ...; readonly border: "rgba(61, 64, 91, 0.1)"; }; readonly dark: { ...; }; }'.
components/challenges/ActiveChallengeCard.tsx(172,19): error TS2339: Property 'text' does not exist on type '{ readonly light: { readonly bg: { readonly primary: "#F9F7F2"; readonly surface: "#FDFCF9"; readonly card: "#F9F7F2"; readonly card2: "#F0EFE9"; }; readonly accent: "#3D405B"; readonly accentDim: "rgba(61, 64, 91, 0.1)"; ... 9 more ...; readonly border: "rgba(61, 64, 91, 0.1)"; }; readonly dark: { ...; }; }'.
components/challenges/ActiveChallengeCard.tsx(177,19): error TS2339: Property 'text' does not exist on type '{ readonly light: { readonly bg: { readonly primary: "#F9F7F2"; readonly surface: "#FDFCF9"; readonly card: "#F9F7F2"; readonly card2: "#F0EFE9"; }; readonly accent: "#3D405B"; readonly accentDim: "rgba(61, 64, 91, 0.1)"; ... 9 more ...; readonly border: "rgba(61, 64, 91, 0.1)"; }; readonly dark: { ...; }; }'.
components/challenges/ActiveChallengeCard.tsx(188,19): error TS2339: Property 'text' does not exist on type '{ readonly light: { readonly bg: { readonly primary: "#F9F7F2"; readonly surface: "#FDFCF9"; readonly card: "#F9F7F2"; readonly card2: "#F0EFE9"; }; readonly accent: "#3D405B"; readonly accentDim: "rgba(61, 64, 91, 0.1)"; ... 9 more ...; readonly border: "rgba(61, 64, 91, 0.1)"; }; readonly dark: { ...; }; }'.
components/challenges/ActiveChallengeCard.tsx(192,19): error TS2339: Property 'text' does not exist on type '{ readonly light: { readonly bg: { readonly primary: "#F9F7F2"; readonly surface: "#FDFCF9"; readonly card: "#F9F7F2"; readonly card2: "#F0EFE9"; }; readonly accent: "#3D405B"; readonly accentDim: "rgba(61, 64, 91, 0.1)"; ... 9 more ...; readonly border: "rgba(61, 64, 91, 0.1)"; }; readonly dark: { ...; }; }'.
components/challenges/ActiveChallengeCard.tsx(196,19): error TS2339: Property 'text' does not exist on type '{ readonly light: { readonly bg: { readonly primary: "#F9F7F2"; readonly surface: "#FDFCF9"; readonly card: "#F9F7F2"; readonly card2: "#F0EFE9"; }; readonly accent: "#3D405B"; readonly accentDim: "rgba(61, 64, 91, 0.1)"; ... 9 more ...; readonly border: "rgba(61, 64, 91, 0.1)"; }; readonly dark: { ...; }; }'.
components/challenges/ActiveChallengeCard.tsx(205,19): error TS2339: Property 'text' does not exist on type '{ readonly light: { readonly bg: { readonly primary: "#F9F7F2"; readonly surface: "#FDFCF9"; readonly card: "#F9F7F2"; readonly card2: "#F0EFE9"; }; readonly accent: "#3D405B"; readonly accentDim: "rgba(61, 64, 91, 0.1)"; ... 9 more ...; readonly border: "rgba(61, 64, 91, 0.1)"; }; readonly dark: { ...; }; }'.
components/challenges/ActiveChallengeCard.tsx(213,29): error TS2339: Property 'bg' does not exist on type '{ readonly light: { readonly bg: { readonly primary: "#F9F7F2"; readonly surface: "#FDFCF9"; readonly card: "#F9F7F2"; readonly card2: "#F0EFE9"; }; readonly accent: "#3D405B"; readonly accentDim: "rgba(61, 64, 91, 0.1)"; ... 9 more ...; readonly border: "rgba(61, 64, 91, 0.1)"; }; readonly dark: { ...; }; }'.
components/challenges/ActiveChallengeCard.tsx(217,25): error TS2339: Property 'borderDark' does not exist on type '{ readonly light: { readonly bg: { readonly primary: "#F9F7F2"; readonly surface: "#FDFCF9"; readonly card: "#F9F7F2"; readonly card2: "#F0EFE9"; }; readonly accent: "#3D405B"; readonly accentDim: "rgba(61, 64, 91, 0.1)"; ... 9 more ...; readonly border: "rgba(61, 64, 91, 0.1)"; }; readonly dark: { ...; }; }'.
components/challenges/ActiveChallengeCard.tsx(226,19): error TS2339: Property 'danger' does not exist on type '{ readonly light: { readonly bg: { readonly primary: "#F9F7F2"; readonly surface: "#FDFCF9"; readonly card: "#F9F7F2"; readonly card2: "#F0EFE9"; }; readonly accent: "#3D405B"; readonly accentDim: "rgba(61, 64, 91, 0.1)"; ... 9 more ...; readonly border: "rgba(61, 64, 91, 0.1)"; }; readonly dark: { ...; }; }'.
components/challenges/ChallengeStatusCard.tsx(22,64): error TS2339: Property 'text' does not exist on type '{ readonly light: { readonly bg: { readonly primary: "#F9F7F2"; readonly surface: "#FDFCF9"; readonly card: "#F9F7F2"; readonly card2: "#F0EFE9"; }; readonly accent: "#3D405B"; readonly accentDim: "rgba(61, 64, 91, 0.1)"; ... 9 more ...; readonly border: "rgba(61, 64, 91, 0.1)"; }; readonly dark: { ...; }; }'.
components/challenges/ChallengeStatusCard.tsx(47,29): error TS2339: Property 'bg' does not exist on type '{ readonly light: { readonly bg: { readonly primary: "#F9F7F2"; readonly surface: "#FDFCF9"; readonly card: "#F9F7F2"; readonly card2: "#F0EFE9"; }; readonly accent: "#3D405B"; readonly accentDim: "rgba(61, 64, 91, 0.1)"; ... 9 more ...; readonly border: "rgba(61, 64, 91, 0.1)"; }; readonly dark: { ...; }; }'.
components/challenges/ChallengeStatusCard.tsx(52,25): error TS2339: Property 'border' does not exist on type '{ readonly light: { readonly bg: { readonly primary: "#F9F7F2"; readonly surface: "#FDFCF9"; readonly card: "#F9F7F2"; readonly card2: "#F0EFE9"; }; readonly accent: "#3D405B"; readonly accentDim: "rgba(61, 64, 91, 0.1)"; ... 9 more ...; readonly border: "rgba(61, 64, 91, 0.1)"; }; readonly dark: { ...; }; }'.
components/challenges/ChallengeStatusCard.tsx(62,19): error TS2339: Property 'text' does not exist on type '{ readonly light: { readonly bg: { readonly primary: "#F9F7F2"; readonly surface: "#FDFCF9"; readonly card: "#F9F7F2"; readonly card2: "#F0EFE9"; }; readonly accent: "#3D405B"; readonly accentDim: "rgba(61, 64, 91, 0.1)"; ... 9 more ...; readonly border: "rgba(61, 64, 91, 0.1)"; }; readonly dark: { ...; }; }'.
components/challenges/ChallengeStatusCard.tsx(67,19): error TS2339: Property 'text' does not exist on type '{ readonly light: { readonly bg: { readonly primary: "#F9F7F2"; readonly surface: "#FDFCF9"; readonly card: "#F9F7F2"; readonly card2: "#F0EFE9"; }; readonly accent: "#3D405B"; readonly accentDim: "rgba(61, 64, 91, 0.1)"; ... 9 more ...; readonly border: "rgba(61, 64, 91, 0.1)"; }; readonly dark: { ...; }; }'.
components/challenges/ChallengeStatusCard.tsx(78,19): error TS2339: Property 'text' does not exist on type '{ readonly light: { readonly bg: { readonly primary: "#F9F7F2"; readonly surface: "#FDFCF9"; readonly card: "#F9F7F2"; readonly card2: "#F0EFE9"; }; readonly accent: "#3D405B"; readonly accentDim: "rgba(61, 64, 91, 0.1)"; ... 9 more ...; readonly border: "rgba(61, 64, 91, 0.1)"; }; readonly dark: { ...; }; }'.
components/challenges/ChallengeStatusCard.tsx(82,19): error TS2339: Property 'text' does not exist on type '{ readonly light: { readonly bg: { readonly primary: "#F9F7F2"; readonly surface: "#FDFCF9"; readonly card: "#F9F7F2"; readonly card2: "#F0EFE9"; }; readonly accent: "#3D405B"; readonly accentDim: "rgba(61, 64, 91, 0.1)"; ... 9 more ...; readonly border: "rgba(61, 64, 91, 0.1)"; }; readonly dark: { ...; }; }'.
components/challenges/ChallengeStatusCard.tsx(87,19): error TS2339: Property 'text' does not exist on type '{ readonly light: { readonly bg: { readonly primary: "#F9F7F2"; readonly surface: "#FDFCF9"; readonly card: "#F9F7F2"; readonly card2: "#F0EFE9"; }; readonly accent: "#3D405B"; readonly accentDim: "rgba(61, 64, 91, 0.1)"; ... 9 more ...; readonly border: "rgba(61, 64, 91, 0.1)"; }; readonly dark: { ...; }; }'.
components/challenges/ChallengeStatusCard.tsx(91,29): error TS2339: Property 'bg' does not exist on type '{ readonly light: { readonly bg: { readonly primary: "#F9F7F2"; readonly surface: "#FDFCF9"; readonly card: "#F9F7F2"; readonly card2: "#F0EFE9"; }; readonly accent: "#3D405B"; readonly accentDim: "rgba(61, 64, 91, 0.1)"; ... 9 more ...; readonly border: "rgba(61, 64, 91, 0.1)"; }; readonly dark: { ...; }; }'.
components/challenges/ChallengeStatusCard.tsx(98,29): error TS2339: Property 'accent' does not exist on type '{ readonly light: { readonly bg: { readonly primary: "#F9F7F2"; readonly surface: "#FDFCF9"; readonly card: "#F9F7F2"; readonly card2: "#F0EFE9"; }; readonly accent: "#3D405B"; readonly accentDim: "rgba(61, 64, 91, 0.1)"; ... 9 more ...; readonly border: "rgba(61, 64, 91, 0.1)"; }; readonly dark: { ...; }; }'.
components/dashboard/RankTierBadge.tsx(63,19): error TS2339: Property 'text' does not exist on type '{ readonly light: { readonly bg: { readonly primary: "#F9F7F2"; readonly surface: "#FDFCF9"; readonly card: "#F9F7F2"; readonly card2: "#F0EFE9"; }; readonly accent: "#3D405B"; readonly accentDim: "rgba(61, 64, 91, 0.1)"; ... 9 more ...; readonly border: "rgba(61, 64, 91, 0.1)"; }; readonly dark: { ...; }; }'.
components/dashboard/RankTierBadge.tsx(68,19): error TS2339: Property 'text' does not exist on type '{ readonly light: { readonly bg: { readonly primary: "#F9F7F2"; readonly surface: "#FDFCF9"; readonly card: "#F9F7F2"; readonly card2: "#F0EFE9"; }; readonly accent: "#3D405B"; readonly accentDim: "rgba(61, 64, 91, 0.1)"; ... 9 more ...; readonly border: "rgba(61, 64, 91, 0.1)"; }; readonly dark: { ...; }; }'.
components/dashboard/RankTierBadge.tsx(72,19): error TS2339: Property 'accent' does not exist on type '{ readonly light: { readonly bg: { readonly primary: "#F9F7F2"; readonly surface: "#FDFCF9"; readonly card: "#F9F7F2"; readonly card2: "#F0EFE9"; }; readonly accent: "#3D405B"; readonly accentDim: "rgba(61, 64, 91, 0.1)"; ... 9 more ...; readonly border: "rgba(61, 64, 91, 0.1)"; }; readonly dark: { ...; }; }'.
components/dashboard/RankTierBadge.tsx(76,29): error TS2339: Property 'bg' does not exist on type '{ readonly light: { readonly bg: { readonly primary: "#F9F7F2"; readonly surface: "#FDFCF9"; readonly card: "#F9F7F2"; readonly card2: "#F0EFE9"; }; readonly accent: "#3D405B"; readonly accentDim: "rgba(61, 64, 91, 0.1)"; ... 9 more ...; readonly border: "rgba(61, 64, 91, 0.1)"; }; readonly dark: { ...; }; }'.
components/dashboard/RankTierBadge.tsx(81,25): error TS2339: Property 'borderDark' does not exist on type '{ readonly light: { readonly bg: { readonly primary: "#F9F7F2"; readonly surface: "#FDFCF9"; readonly card: "#F9F7F2"; readonly card2: "#F0EFE9"; }; readonly accent: "#3D405B"; readonly accentDim: "rgba(61, 64, 91, 0.1)"; ... 9 more ...; readonly border: "rgba(61, 64, 91, 0.1)"; }; readonly dark: { ...; }; }'.
components/dashboard/RankTierBadge.tsx(85,29): error TS2339: Property 'accent' does not exist on type '{ readonly light: { readonly bg: { readonly primary: "#F9F7F2"; readonly surface: "#FDFCF9"; readonly card: "#F9F7F2"; readonly card2: "#F0EFE9"; }; readonly accent: "#3D405B"; readonly accentDim: "rgba(61, 64, 91, 0.1)"; ... 9 more ...; readonly border: "rgba(61, 64, 91, 0.1)"; }; readonly dark: { ...; }; }'.
components/dashboard/RivalCard.tsx(49,70): error TS2339: Property 'work' does not exist on type '{ readonly light: { readonly bg: { readonly primary: "#F9F7F2"; readonly surface: "#FDFCF9"; readonly card: "#F9F7F2"; readonly card2: "#F0EFE9"; }; readonly accent: "#3D405B"; readonly accentDim: "rgba(61, 64, 91, 0.1)"; ... 9 more ...; readonly border: "rgba(61, 64, 91, 0.1)"; }; readonly dark: { ...; }; }'.
components/dashboard/RivalCard.tsx(49,84): error TS2339: Property 'success' does not exist on type '{ readonly light: { readonly bg: { readonly primary: "#F9F7F2"; readonly surface: "#FDFCF9"; readonly card: "#F9F7F2"; readonly card2: "#F0EFE9"; }; readonly accent: "#3D405B"; readonly accentDim: "rgba(61, 64, 91, 0.1)"; ... 9 more ...; readonly border: "rgba(61, 64, 91, 0.1)"; }; readonly dark: { ...; }; }'.
components/dashboard/RivalCard.tsx(62,44): error TS2339: Property 'bg' does not exist on type '{ readonly light: { readonly bg: { readonly primary: "#F9F7F2"; readonly surface: "#FDFCF9"; readonly card: "#F9F7F2"; readonly card2: "#F0EFE9"; }; readonly accent: "#3D405B"; readonly accentDim: "rgba(61, 64, 91, 0.1)"; ... 9 more ...; readonly border: "rgba(61, 64, 91, 0.1)"; }; readonly dark: { ...; }; }'.
components/dashboard/RivalCard.tsx(65,66): error TS2339: Property 'bg' does not exist on type '{ readonly light: { readonly bg: { readonly primary: "#F9F7F2"; readonly surface: "#FDFCF9"; readonly card: "#F9F7F2"; readonly card2: "#F0EFE9"; }; readonly accent: "#3D405B"; readonly accentDim: "rgba(61, 64, 91, 0.1)"; ... 9 more ...; readonly border: "rgba(61, 64, 91, 0.1)"; }; readonly dark: { ...; }; }'.
components/dashboard/RivalCard.tsx(88,19): error TS2339: Property 'text' does not exist on type '{ readonly light: { readonly bg: { readonly primary: "#F9F7F2"; readonly surface: "#FDFCF9"; readonly card: "#F9F7F2"; readonly card2: "#F0EFE9"; }; readonly accent: "#3D405B"; readonly accentDim: "rgba(61, 64, 91, 0.1)"; ... 9 more ...; readonly border: "rgba(61, 64, 91, 0.1)"; }; readonly dark: { ...; }; }'.
components/dashboard/RivalCard.tsx(101,19): error TS2339: Property 'text' does not exist on type '{ readonly light: { readonly bg: { readonly primary: "#F9F7F2"; readonly surface: "#FDFCF9"; readonly card: "#F9F7F2"; readonly card2: "#F0EFE9"; }; readonly accent: "#3D405B"; readonly accentDim: "rgba(61, 64, 91, 0.1)"; ... 9 more ...; readonly border: "rgba(61, 64, 91, 0.1)"; }; readonly dark: { ...; }; }'.
components/dashboard/RivalCard.tsx(105,19): error TS2339: Property 'text' does not exist on type '{ readonly light: { readonly bg: { readonly primary: "#F9F7F2"; readonly surface: "#FDFCF9"; readonly card: "#F9F7F2"; readonly card2: "#F0EFE9"; }; readonly accent: "#3D405B"; readonly accentDim: "rgba(61, 64, 91, 0.1)"; ... 9 more ...; readonly border: "rgba(61, 64, 91, 0.1)"; }; readonly dark: { ...; }; }'.
components/dashboard/RivalCard.tsx(109,29): error TS2339: Property 'bg' does not exist on type '{ readonly light: { readonly bg: { readonly primary: "#F9F7F2"; readonly surface: "#FDFCF9"; readonly card: "#F9F7F2"; readonly card2: "#F0EFE9"; }; readonly accent: "#3D405B"; readonly accentDim: "rgba(61, 64, 91, 0.1)"; ... 9 more ...; readonly border: "rgba(61, 64, 91, 0.1)"; }; readonly dark: { ...; }; }'.
components/dashboard/RivalCard.tsx(112,25): error TS2339: Property 'borderLight' does not exist on type '{ readonly light: { readonly bg: { readonly primary: "#F9F7F2"; readonly surface: "#FDFCF9"; readonly card: "#F9F7F2"; readonly card2: "#F0EFE9"; }; readonly accent: "#3D405B"; readonly accentDim: "rgba(61, 64, 91, 0.1)"; ... 9 more ...; readonly border: "rgba(61, 64, 91, 0.1)"; }; readonly dark: { ...; }; }'.
components/dashboard/RivalCard.tsx(114,31): error TS2339: Property 'borderDark' does not exist on type '{ readonly light: { readonly bg: { readonly primary: "#F9F7F2"; readonly surface: "#FDFCF9"; readonly card: "#F9F7F2"; readonly card2: "#F0EFE9"; }; readonly accent: "#3D405B"; readonly accentDim: "rgba(61, 64, 91, 0.1)"; ... 9 more ...; readonly border: "rgba(61, 64, 91, 0.1)"; }; readonly dark: { ...; }; }'.
components/dashboard/RivalCard.tsx(126,29): error TS2339: Property 'accent' does not exist on type '{ readonly light: { readonly bg: { readonly primary: "#F9F7F2"; readonly surface: "#FDFCF9"; readonly card: "#F9F7F2"; readonly card2: "#F0EFE9"; }; readonly accent: "#3D405B"; readonly accentDim: "rgba(61, 64, 91, 0.1)"; ... 9 more ...; readonly border: "rgba(61, 64, 91, 0.1)"; }; readonly dark: { ...; }; }'.
components/dashboard/RivalCard.tsx(129,28): error TS2339: Property 'accentBorder' does not exist on type '{ readonly light: { readonly bg: { readonly primary: "#F9F7F2"; readonly surface: "#FDFCF9"; readonly card: "#F9F7F2"; readonly card2: "#F0EFE9"; }; readonly accent: "#3D405B"; readonly accentDim: "rgba(61, 64, 91, 0.1)"; ... 9 more ...; readonly border: "rgba(61, 64, 91, 0.1)"; }; readonly dark: { ...; }; }'.
components/missions/MissionCard.tsx(115,19): error TS2339: Property 'text' does not exist on type '{ readonly light: { readonly bg: { readonly primary: "#F9F7F2"; readonly surface: "#FDFCF9"; readonly card: "#F9F7F2"; readonly card2: "#F0EFE9"; }; readonly accent: "#3D405B"; readonly accentDim: "rgba(61, 64, 91, 0.1)"; ... 9 more ...; readonly border: "rgba(61, 64, 91, 0.1)"; }; readonly dark: { ...; }; }'.
components/missions/MissionCard.tsx(127,29): error TS2339: Property 'borderLight' does not exist on type '{ readonly light: { readonly bg: { readonly primary: "#F9F7F2"; readonly surface: "#FDFCF9"; readonly card: "#F9F7F2"; readonly card2: "#F0EFE9"; }; readonly accent: "#3D405B"; readonly accentDim: "rgba(61, 64, 91, 0.1)"; ... 9 more ...; readonly border: "rgba(61, 64, 91, 0.1)"; }; readonly dark: { ...; }; }'.
components/missions/MissionCard.tsx(133,19): error TS2339: Property 'text' does not exist on type '{ readonly light: { readonly bg: { readonly primary: "#F9F7F2"; readonly surface: "#FDFCF9"; readonly card: "#F9F7F2"; readonly card2: "#F0EFE9"; }; readonly accent: "#3D405B"; readonly accentDim: "rgba(61, 64, 91, 0.1)"; ... 9 more ...; readonly border: "rgba(61, 64, 91, 0.1)"; }; readonly dark: { ...; }; }'.
components/missions/MissionCard.tsx(141,19): error TS2339: Property 'text' does not exist on type '{ readonly light: { readonly bg: { readonly primary: "#F9F7F2"; readonly surface: "#FDFCF9"; readonly card: "#F9F7F2"; readonly card2: "#F0EFE9"; }; readonly accent: "#3D405B"; readonly accentDim: "rgba(61, 64, 91, 0.1)"; ... 9 more ...; readonly border: "rgba(61, 64, 91, 0.1)"; }; readonly dark: { ...; }; }'.
components/missions/MissionCard.tsx(145,19): error TS2339: Property 'text' does not exist on type '{ readonly light: { readonly bg: { readonly primary: "#F9F7F2"; readonly surface: "#FDFCF9"; readonly card: "#F9F7F2"; readonly card2: "#F0EFE9"; }; readonly accent: "#3D405B"; readonly accentDim: "rgba(61, 64, 91, 0.1)"; ... 9 more ...; readonly border: "rgba(61, 64, 91, 0.1)"; }; readonly dark: { ...; }; }'.
components/parallax-scroll-view.tsx(27,34): error TS2339: Property 'bg' does not exist on type '{ readonly light: { readonly bg: { readonly primary: "#F9F7F2"; readonly surface: "#FDFCF9"; readonly card: "#F9F7F2"; readonly card2: "#F0EFE9"; }; readonly accent: "#3D405B"; readonly accentDim: "rgba(61, 64, 91, 0.1)"; ... 9 more ...; readonly border: "rgba(61, 64, 91, 0.1)"; }; readonly dark: { ...; }; }'.
components/squad/SquadPressurePanel.tsx(21,57): error TS2339: Property 'text' does not exist on type '{ readonly light: { readonly bg: { readonly primary: "#F9F7F2"; readonly surface: "#FDFCF9"; readonly card: "#F9F7F2"; readonly card2: "#F0EFE9"; }; readonly accent: "#3D405B"; readonly accentDim: "rgba(61, 64, 91, 0.1)"; ... 9 more ...; readonly border: "rgba(61, 64, 91, 0.1)"; }; readonly dark: { ...; }; }'.
components/squad/SquadPressurePanel.tsx(64,19): error TS2339: Property 'text' does not exist on type '{ readonly light: { readonly bg: { readonly primary: "#F9F7F2"; readonly surface: "#FDFCF9"; readonly card: "#F9F7F2"; readonly card2: "#F0EFE9"; }; readonly accent: "#3D405B"; readonly accentDim: "rgba(61, 64, 91, 0.1)"; ... 9 more ...; readonly border: "rgba(61, 64, 91, 0.1)"; }; readonly dark: { ...; }; }'.
components/squad/SquadPressurePanel.tsx(76,19): error TS2339: Property 'text' does not exist on type '{ readonly light: { readonly bg: { readonly primary: "#F9F7F2"; readonly surface: "#FDFCF9"; readonly card: "#F9F7F2"; readonly card2: "#F0EFE9"; }; readonly accent: "#3D405B"; readonly accentDim: "rgba(61, 64, 91, 0.1)"; ... 9 more ...; readonly border: "rgba(61, 64, 91, 0.1)"; }; readonly dark: { ...; }; }'.
components/squad/SquadPressurePanel.tsx(81,19): error TS2339: Property 'text' does not exist on type '{ readonly light: { readonly bg: { readonly primary: "#F9F7F2"; readonly surface: "#FDFCF9"; readonly card: "#F9F7F2"; readonly card2: "#F0EFE9"; }; readonly accent: "#3D405B"; readonly accentDim: "rgba(61, 64, 91, 0.1)"; ... 9 more ...; readonly border: "rgba(61, 64, 91, 0.1)"; }; readonly dark: { ...; }; }'.
components/squad/SquadPressurePanel.tsx(96,25): error TS2339: Property 'accentBorder' does not exist on type '{ readonly light: { readonly bg: { readonly primary: "#F9F7F2"; readonly surface: "#FDFCF9"; readonly card: "#F9F7F2"; readonly card2: "#F0EFE9"; }; readonly accent: "#3D405B"; readonly accentDim: "rgba(61, 64, 91, 0.1)"; ... 9 more ...; readonly border: "rgba(61, 64, 91, 0.1)"; }; readonly dark: { ...; }; }'.
components/squad/SquadPressurePanel.tsx(97,29): error TS2339: Property 'accent' does not exist on type '{ readonly light: { readonly bg: { readonly primary: "#F9F7F2"; readonly surface: "#FDFCF9"; readonly card: "#F9F7F2"; readonly card2: "#F0EFE9"; }; readonly accent: "#3D405B"; readonly accentDim: "rgba(61, 64, 91, 0.1)"; ... 9 more ...; readonly border: "rgba(61, 64, 91, 0.1)"; }; readonly dark: { ...; }; }'.
components/squad/SquadPressurePanel.tsx(102,25): error TS2339: Property 'borderLight' does not exist on type '{ readonly light: { readonly bg: { readonly primary: "#F9F7F2"; readonly surface: "#FDFCF9"; readonly card: "#F9F7F2"; readonly card2: "#F0EFE9"; }; readonly accent: "#3D405B"; readonly accentDim: "rgba(61, 64, 91, 0.1)"; ... 9 more ...; readonly border: "rgba(61, 64, 91, 0.1)"; }; readonly dark: { ...; }; }'.
components/squad/SquadPressurePanel.tsx(103,29): error TS2339: Property 'bg' does not exist on type '{ readonly light: { readonly bg: { readonly primary: "#F9F7F2"; readonly surface: "#FDFCF9"; readonly card: "#F9F7F2"; readonly card2: "#F0EFE9"; }; readonly accent: "#3D405B"; readonly accentDim: "rgba(61, 64, 91, 0.1)"; ... 9 more ...; readonly border: "rgba(61, 64, 91, 0.1)"; }; readonly dark: { ...; }; }'.
components/squad/SquadPressurePanel.tsx(105,31): error TS2339: Property 'borderDark' does not exist on type '{ readonly light: { readonly bg: { readonly primary: "#F9F7F2"; readonly surface: "#FDFCF9"; readonly card: "#F9F7F2"; readonly card2: "#F0EFE9"; }; readonly accent: "#3D405B"; readonly accentDim: "rgba(61, 64, 91, 0.1)"; ... 9 more ...; readonly border: "rgba(61, 64, 91, 0.1)"; }; readonly dark: { ...; }; }'.
components/squad/SquadPressurePanel.tsx(109,19): error TS2339: Property 'danger' does not exist on type '{ readonly light: { readonly bg: { readonly primary: "#F9F7F2"; readonly surface: "#FDFCF9"; readonly card: "#F9F7F2"; readonly card2: "#F0EFE9"; }; readonly accent: "#3D405B"; readonly accentDim: "rgba(61, 64, 91, 0.1)"; ... 9 more ...; readonly border: "rgba(61, 64, 91, 0.1)"; }; readonly dark: { ...; }; }'.
components/ui/collapsible.tsx(24,25): error TS2339: Property 'text' does not exist on type '{ readonly light: { readonly bg: { readonly primary: "#F9F7F2"; readonly surface: "#FDFCF9"; readonly card: "#F9F7F2"; readonly card2: "#F0EFE9"; }; readonly accent: "#3D405B"; readonly accentDim: "rgba(61, 64, 91, 0.1)"; ... 9 more ...; readonly border: "rgba(61, 64, 91, 0.1)"; }; readonly dark: { ...; }; }'.
constants/shadows.ts(9,29): error TS2339: Property 'bg' does not exist on type '{ readonly light: { readonly bg: { readonly primary: "#F9F7F2"; readonly surface: "#FDFCF9"; readonly card: "#F9F7F2"; readonly card2: "#F0EFE9"; }; readonly accent: "#3D405B"; readonly accentDim: "rgba(61, 64, 91, 0.1)"; ... 9 more ...; readonly border: "rgba(61, 64, 91, 0.1)"; }; readonly dark: { ...; }; }'.
constants/shadows.ts(16,25): error TS2339: Property 'text' does not exist on type '{ readonly light: { readonly bg: { readonly primary: "#F9F7F2"; readonly surface: "#FDFCF9"; readonly card: "#F9F7F2"; readonly card2: "#F0EFE9"; }; readonly accent: "#3D405B"; readonly accentDim: "rgba(61, 64, 91, 0.1)"; ... 9 more ...; readonly border: "rgba(61, 64, 91, 0.1)"; }; readonly dark: { ...; }; }'.
constants/shadows.ts(23,29): error TS2339: Property 'bg' does not exist on type '{ readonly light: { readonly bg: { readonly primary: "#F9F7F2"; readonly surface: "#FDFCF9"; readonly card: "#F9F7F2"; readonly card2: "#F0EFE9"; }; readonly accent: "#3D405B"; readonly accentDim: "rgba(61, 64, 91, 0.1)"; ... 9 more ...; readonly border: "rgba(61, 64, 91, 0.1)"; }; readonly dark: { ...; }; }'.
constants/shadows.ts(43,29): error TS2339: Property 'bg' does not exist on type '{ readonly light: { readonly bg: { readonly primary: "#F9F7F2"; readonly surface: "#FDFCF9"; readonly card: "#F9F7F2"; readonly card2: "#F0EFE9"; }; readonly accent: "#3D405B"; readonly accentDim: "rgba(61, 64, 91, 0.1)"; ... 9 more ...; readonly border: "rgba(61, 64, 91, 0.1)"; }; readonly dark: { ...; }; }'.
constants/shadows.ts(48,25): error TS2339: Property 'text' does not exist on type '{ readonly light: { readonly bg: { readonly primary: "#F9F7F2"; readonly surface: "#FDFCF9"; readonly card: "#F9F7F2"; readonly card2: "#F0EFE9"; }; readonly accent: "#3D405B"; readonly accentDim: "rgba(61, 64, 91, 0.1)"; ... 9 more ...; readonly border: "rgba(61, 64, 91, 0.1)"; }; readonly dark: { ...; }; }'.
constants/theme.ts(107,19): error TS2339: Property 'text' does not exist on type '{ readonly light: { readonly bg: { readonly primary: "#F9F7F2"; readonly surface: "#FDFCF9"; readonly card: "#F9F7F2"; readonly card2: "#F0EFE9"; }; readonly accent: "#3D405B"; readonly accentDim: "rgba(61, 64, 91, 0.1)"; ... 9 more ...; readonly border: "rgba(61, 64, 91, 0.1)"; }; readonly dark: { ...; }; }'.
constants/theme.ts(152,27): error TS2339: Property 'bg' does not exist on type '{ readonly light: { readonly bg: { readonly primary: "#F9F7F2"; readonly surface: "#FDFCF9"; readonly card: "#F9F7F2"; readonly card2: "#F0EFE9"; }; readonly accent: "#3D405B"; readonly accentDim: "rgba(61, 64, 91, 0.1)"; ... 9 more ...; readonly border: "rgba(61, 64, 91, 0.1)"; }; readonly dark: { ...; }; }'.
constants/theme.ts(157,25): error TS2339: Property 'body' does not exist on type '{ readonly light: { readonly bg: { readonly primary: "#F9F7F2"; readonly surface: "#FDFCF9"; readonly card: "#F9F7F2"; readonly card2: "#F0EFE9"; }; readonly accent: "#3D405B"; readonly accentDim: "rgba(61, 64, 91, 0.1)"; ... 9 more ...; readonly border: "rgba(61, 64, 91, 0.1)"; }; readonly dark: { ...; }; }'.
constants/theme.ts(158,25): error TS2339: Property 'mind' does not exist on type '{ readonly light: { readonly bg: { readonly primary: "#F9F7F2"; readonly surface: "#FDFCF9"; readonly card: "#F9F7F2"; readonly card2: "#F0EFE9"; }; readonly accent: "#3D405B"; readonly accentDim: "rgba(61, 64, 91, 0.1)"; ... 9 more ...; readonly border: "rgba(61, 64, 91, 0.1)"; }; readonly dark: { ...; }; }'.
constants/theme.ts(159,25): error TS2339: Property 'work' does not exist on type '{ readonly light: { readonly bg: { readonly primary: "#F9F7F2"; readonly surface: "#FDFCF9"; readonly card: "#F9F7F2"; readonly card2: "#F0EFE9"; }; readonly accent: "#3D405B"; readonly accentDim: "rgba(61, 64, 91, 0.1)"; ... 9 more ...; readonly border: "rgba(61, 64, 91, 0.1)"; }; readonly dark: { ...; }; }'.
